>                                                                            <
>                            ____           _ _                              <
>                           / ___|_ __ __ _(_) |___                          <
>                          | |  _| '__/ _` | | / __|                         <
>                          | |_| | | | (_| | | \__ \                         <
>                           \____|_|  \__,_|_|_|___/                         <
>                          https://grails.apache.org                         <
>                                                                            <

DEBUG i.m.c.DefaultApplicationContext$RuntimeConfiguredEnvironment - Environment deduction was set explicitly via builder to: false
INFO  i.m.c.DefaultApplicationContext$RuntimeConfiguredEnvironment - Established active environments: [development]
DEBUG i.m.c.DefaultApplicationContext$RuntimeConfiguredEnvironment - Starting environment io.micronaut.context.DefaultApplicationContext$RuntimeConfiguredEnvironment@8f93023 for active names [development]
DEBUG i.m.c.DefaultApplicationContext$RuntimeConfiguredEnvironment - Reading property sources from loader: io.micronaut.context.env.PropertiesPropertySourceLoader@659bfeae
DEBUG i.m.c.e.PropertiesPropertySourceLoader - No PropertySource found for file name: application.properties
DEBUG i.m.c.e.PropertiesPropertySourceLoader - No PropertySource found for file name: application-development.properties
DEBUG i.m.c.DefaultApplicationContext$RuntimeConfiguredEnvironment - Reading property sources from loader: io.micronaut.context.env.yaml.YamlPropertySourceLoader@3b1a40f4
DEBUG i.m.c.e.y.YamlPropertySourceLoader - Found PropertySource for file name: application.yml
DEBUG i.m.c.e.y.YamlPropertySourceLoader - No PropertySource found for file name: application-development.yml
DEBUG i.m.c.e.y.YamlPropertySourceLoader - No PropertySource found for file name: application-development.yaml
DEBUG i.m.c.DefaultApplicationContext$RuntimeConfiguredEnvironment - Processing property source: application
DEBUG i.m.c.DefaultApplicationContext$RuntimeConfiguredEnvironment - Processing property source: env
DEBUG i.m.c.DefaultApplicationContext$RuntimeConfiguredEnvironment - Processing property source: system
DEBUG i.m.c.DefaultApplicationContext$RuntimeConfiguredEnvironment - Processing property source: systemProperties
DEBUG i.m.c.DefaultApplicationContext$RuntimeConfiguredEnvironment - Processing property source: systemEnvironment
DEBUG i.m.c.DefaultApplicationContext$RuntimeConfiguredEnvironment - Processing property source: devtools
DEBUG i.m.c.DefaultApplicationContext$RuntimeConfiguredEnvironment - Processing property source: Config resource 'class path resource [application.yml]' via location 'optional:classpath:/'
DEBUG i.m.c.DefaultApplicationContext$RuntimeConfiguredEnvironment - Processing property source: applicationInfo
DEBUG i.m.context.DefaultBeanContext - Finding candidate beans for type: DefaultEnvironment
DEBUG i.m.context.DefaultBeanContext - No bean candidates found for type: DefaultEnvironment
DEBUG i.m.context.DefaultBeanContext - Starting BeanContext
DEBUG i.m.context.condition.Condition - Configuration: io.micronaut.cache.discovery will not be loaded due to failing conditions:
DEBUG i.m.context.condition.Condition - * Required configuration [io.micronaut.discovery.client] is not active
DEBUG i.m.context.DefaultBeanContext - Finding candidate beans for type: BeanCreatedEventListener
DEBUG i.m.context.condition.Condition - Bean [Definition: io.micronaut.cache.jcache.metrics.JCacheMetricsBinder] will not be loaded due to failing conditions:
DEBUG i.m.context.condition.Condition - * Class [javax.cache.CacheManager] is not present
DEBUG i.m.context.DefaultBeanContext -   class io.micronaut.spring.beans.aware.ImportAwareListener null Definition: io.micronaut.spring.beans.aware.ImportAwareListener
DEBUG i.m.context.DefaultBeanContext -   class io.micronaut.spring.context.aware.SpringAwareListener null Definition: io.micronaut.spring.context.aware.SpringAwareListener
DEBUG i.m.context.DefaultBeanContext -   class io.micronaut.context.propagation.instrument.execution.ExecutorServiceInstrumenter null Definition: io.micronaut.context.propagation.instrument.execution.ExecutorServiceInstrumenter
DEBUG i.m.context.DefaultBeanContext - Finding candidate beans for type: BeanInitializedEventListener
DEBUG i.m.context.DefaultBeanContext -   class io.micronaut.spring.context.aware.SpringAwareListener null Definition: io.micronaut.spring.context.aware.SpringAwareListener
DEBUG i.m.context.DefaultBeanContext - Resolving beans for type: io.micronaut.core.convert.TypeConverter
DEBUG i.m.context.DefaultBeanContext - Finding candidate beans for type: TypeConverter
DEBUG i.m.context.DefaultBeanContext - No bean candidates found for type: TypeConverter
DEBUG i.m.context.DefaultBeanContext - Resolving beans for type: io.micronaut.core.convert.TypeConverterRegistrar
DEBUG i.m.context.DefaultBeanContext - Finding candidate beans for type: TypeConverterRegistrar
DEBUG i.m.context.DefaultBeanContext -   class io.micronaut.http.converters.HttpConverterRegistrar null Definition: io.micronaut.http.converters.HttpConverterRegistrar
DEBUG i.m.context.DefaultBeanContext - Finding candidate beans for type: BeanProvider<ResourceResolver T> resourceResolver
DEBUG i.m.context.DefaultBeanContext -   interface io.micronaut.context.BeanProvider null io.micronaut.inject.provider.BeanProviderDefinition@4e528898
DEBUG i.m.context.DefaultBeanContext - Found concrete candidate [io.micronaut.inject.provider.BeanProviderDefinition@4e528898] for type: resourceResolver 
DEBUG io.micronaut.context.lifecycle - Created bean [Provider(ResourceResolver T)] from definition [io.micronaut.inject.provider.BeanProviderDefinition@4e528898] with qualifier [null]
DEBUG i.m.context.DefaultBeanContext - Finding candidate beans for type: BeanProvider<MicronautBeanFactory T> beanFactoryProvider
DEBUG i.m.context.DefaultBeanContext -   interface io.micronaut.context.BeanProvider null io.micronaut.inject.provider.BeanProviderDefinition@4e528898
DEBUG i.m.context.DefaultBeanContext - Found concrete candidate [io.micronaut.inject.provider.BeanProviderDefinition@4e528898] for type: beanFactoryProvider 
DEBUG io.micronaut.context.lifecycle - Created bean [Provider(MicronautBeanFactory T)] from definition [io.micronaut.inject.provider.BeanProviderDefinition@4e528898] with qualifier [null]
DEBUG i.m.context.DefaultBeanContext - Finding candidate beans for type: BeanProvider<MicronautEnvironment T> environmentProvider
DEBUG i.m.context.DefaultBeanContext -   interface io.micronaut.context.BeanProvider null io.micronaut.inject.provider.BeanProviderDefinition@4e528898
DEBUG i.m.context.DefaultBeanContext - Found concrete candidate [io.micronaut.inject.provider.BeanProviderDefinition@4e528898] for type: environmentProvider 
DEBUG io.micronaut.context.lifecycle - Created bean [Provider(MicronautEnvironment T)] from definition [io.micronaut.inject.provider.BeanProviderDefinition@4e528898] with qualifier [null]
DEBUG i.m.context.DefaultBeanContext - Finding candidate beans for type: BeanProvider<MicronautApplicationContext T> applicationContextProvider
DEBUG i.m.context.DefaultBeanContext -   interface io.micronaut.context.BeanProvider null io.micronaut.inject.provider.BeanProviderDefinition@4e528898
DEBUG i.m.context.DefaultBeanContext - Found concrete candidate [io.micronaut.inject.provider.BeanProviderDefinition@4e528898] for type: applicationContextProvider 
DEBUG io.micronaut.context.lifecycle - Created bean [Provider(MicronautApplicationContext T)] from definition [io.micronaut.inject.provider.BeanProviderDefinition@4e528898] with qualifier [null]
DEBUG io.micronaut.context.lifecycle - Created bean [io.micronaut.spring.context.aware.SpringAwareListener@7a04117e] from definition [Definition: io.micronaut.spring.context.aware.SpringAwareListener] with qualifier [null]
DEBUG i.m.context.DefaultBeanContext - Finding candidate beans for type: MicronautBeanFactory T
DEBUG i.m.context.DefaultBeanContext -   class io.micronaut.spring.context.factory.MicronautBeanFactory null Definition: io.micronaut.spring.context.factory.MicronautBeanFactory
DEBUG i.m.context.DefaultBeanContext - Found concrete candidate [Definition: io.micronaut.spring.context.factory.MicronautBeanFactory] for type: T 
DEBUG i.m.context.DefaultBeanContext - Finding candidate beans for type: SpringAwareListener awareListener
DEBUG i.m.context.DefaultBeanContext -   class io.micronaut.spring.context.aware.SpringAwareListener null Definition: io.micronaut.spring.context.aware.SpringAwareListener
DEBUG i.m.context.DefaultBeanContext - Found concrete candidate [Definition: io.micronaut.spring.context.aware.SpringAwareListener] for type: awareListener 
DEBUG i.m.context.DefaultBeanContext - Finding candidate beans for type: MicronautBeanFactoryConfiguration configuration
DEBUG i.m.context.DefaultBeanContext -   class io.micronaut.spring.context.factory.MicronautBeanFactoryConfiguration null Definition: io.micronaut.spring.context.factory.MicronautBeanFactoryConfiguration
DEBUG i.m.context.DefaultBeanContext - Found concrete candidate [Definition: io.micronaut.spring.context.factory.MicronautBeanFactoryConfiguration] for type: configuration 
DEBUG io.micronaut.context.lifecycle - Created bean [io.micronaut.spring.context.factory.MicronautBeanFactoryConfiguration@1ab5d449] from definition [Definition: io.micronaut.spring.context.factory.MicronautBeanFactoryConfiguration] with qualifier [null]
DEBUG i.m.context.condition.Condition - Bean [Definition: io.micronaut.cache.jcache.JCacheManager] will not be loaded due to failing conditions:
DEBUG i.m.context.condition.Condition - * Class [javax.cache.CacheManager] is not present
DEBUG i.m.context.condition.Condition - Bean [Definition: io.micronaut.http.ssl.ServerSslConfiguration$DefaultTrustStoreConfiguration] will not be loaded due to failing conditions:
DEBUG i.m.context.condition.Condition - * Required property [micronaut.server.ssl.trust-store] not present
DEBUG i.m.context.condition.Condition - Bean [Definition: io.micronaut.http.ssl.ServerSslConfiguration$DefaultKeyStoreConfiguration] will not be loaded due to failing conditions:
DEBUG i.m.context.condition.Condition - * Required property [micronaut.server.ssl.key-store] not present
DEBUG i.m.context.condition.Condition - Bean [Definition: io.micronaut.http.ssl.ServerSslConfiguration$DefaultKeyConfiguration] will not be loaded due to failing conditions:
DEBUG i.m.context.condition.Condition - * Required property [micronaut.server.ssl.key] not present
DEBUG i.m.context.condition.Condition - Bean [Definition: io.micronaut.http.ssl.ClientSslConfiguration$DefaultTrustStoreConfiguration] will not be loaded due to failing conditions:
DEBUG i.m.context.condition.Condition - * Required property [micronaut.http.client.ssl.trust-store] not present
DEBUG i.m.context.condition.Condition - Bean [Definition: io.micronaut.http.ssl.ClientSslConfiguration$DefaultKeyStoreConfiguration] will not be loaded due to failing conditions:
DEBUG i.m.context.condition.Condition - * Required property [micronaut.http.client.ssl.key-store] not present
DEBUG i.m.context.condition.Condition - Bean [Definition: io.micronaut.http.ssl.ClientSslConfiguration$DefaultKeyConfiguration] will not be loaded due to failing conditions:
DEBUG i.m.context.condition.Condition - * Required property [micronaut.http.client.ssl.key] not present
DEBUG i.m.context.condition.Condition - Bean [Definition: io.micronaut.http.body.ConversionTextPlainHandler] will not be loaded due to failing conditions:
DEBUG i.m.context.condition.Condition - * Required property [micronaut.http.legacy-text-conversion] with value [true] not present
DEBUG i.m.context.condition.Condition - Bean [Definition: io.micronaut.scheduling.io.watch.WatchServiceFactory] will not be loaded due to failing conditions:
DEBUG i.m.context.condition.Condition - * Required property [micronaut.io.watch.paths] not present
DEBUG i.m.context.condition.Condition - Bean [Definition: io.micronaut.scheduling.io.watch.FileWatchConfiguration] will not be loaded due to failing conditions:
DEBUG i.m.context.condition.Condition - * Required property [micronaut.io.watch.paths] not present
DEBUG i.m.context.condition.Condition - Bean [Definition: io.micronaut.scheduling.io.watch.DefaultWatchThread] will not be loaded due to failing conditions:
DEBUG i.m.context.condition.Condition - * Required property [micronaut.io.watch.paths] not present
DEBUG i.m.context.condition.Condition - Bean [Definition: io.micronaut.runtime.server.watch.event.FileWatchRestartListener] will not be loaded due to failing conditions:
DEBUG i.m.context.condition.Condition - * Property [micronaut.io.watch.restart] with value [false] does not equal required value: true
DEBUG i.m.context.condition.Condition - Bean [Definition: io.micronaut.runtime.graceful.GracefulShutdownListener] will not be loaded due to failing conditions:
DEBUG i.m.context.condition.Condition - * Property [micronaut.lifecycle.graceful-shutdown.enabled] with value [false] does not equal required value: true
DEBUG i.m.context.condition.Condition - Bean [Definition: io.micronaut.runtime.graceful.GracefulShutdownConfiguration] will not be loaded due to failing conditions:
DEBUG i.m.context.condition.Condition - * Property [micronaut.lifecycle.graceful-shutdown.enabled] with value [false] does not equal required value: true
DEBUG i.m.context.condition.Condition - Bean [Definition: io.micronaut.logging.impl.Log4jLoggingSystem] will not be loaded due to failing conditions:
DEBUG i.m.context.condition.Condition - * Class [org.apache.logging.log4j.core.config.Configurator] is not present
DEBUG i.m.context.condition.Condition - Bean [Definition: io.micronaut.logging.PropertiesLoggingLevelsConfigurer] will not be loaded due to failing conditions:
DEBUG i.m.context.condition.Condition - * Required property [logger] not present
DEBUG i.m.context.DefaultBeanContext - Finding candidate beans for type: ProxyTransactionManagementConfiguration
DEBUG i.m.context.DefaultBeanContext - No bean candidates found for type: ProxyTransactionManagementConfiguration
DEBUG i.m.context.DefaultBeanContext - Finding candidate beans for type: HtmlSanitizer
DEBUG i.m.context.DefaultBeanContext - No bean candidates found for type: HtmlSanitizer
DEBUG i.m.context.DefaultBeanContext - Finding candidate beans for type: FormUrlEncodedDecoder
DEBUG i.m.context.DefaultBeanContext - No bean candidates found for type: FormUrlEncodedDecoder
DEBUG i.m.context.DefaultBeanContext - Finding candidate beans for type: ByteBufferFactory
DEBUG i.m.context.DefaultBeanContext - No bean candidates found for type: ByteBufferFactory
DEBUG i.m.context.condition.Condition - Bean [Definition: io.micronaut.http.body.ByteBufferBodyHandler] will not be loaded due to failing conditions:
DEBUG i.m.context.condition.Condition - * No bean of type [io.micronaut.core.io.buffer.ByteBufferFactory] present within context
DEBUG i.m.context.condition.Condition - Bean [Definition: io.micronaut.scheduling.io.watch.WatchServiceFactory] will not be loaded due to failing conditions:
DEBUG i.m.context.condition.Condition - * File watch disabled because no watch paths specified
DEBUG i.m.context.condition.Condition - * Custom condition [class io.micronaut.scheduling.io.watch.FileWatchCondition] failed evaluation
DEBUG i.m.context.DefaultBeanContext - Finding candidate beans for type: ExecutorService
DEBUG i.m.context.DefaultBeanContext - Finding candidate beans for type: ExecutorConfiguration
DEBUG i.m.context.DefaultBeanContext -   interface io.micronaut.scheduling.executor.ExecutorConfiguration @Named('virtual') Definition: io.micronaut.scheduling.executor.IOExecutorServiceConfig
DEBUG i.m.context.DefaultBeanContext -   interface io.micronaut.scheduling.executor.ExecutorConfiguration @Named('scheduled') Definition: io.micronaut.scheduling.executor.ScheduledExecutorServiceConfig
DEBUG i.m.context.DefaultBeanContext -   interface io.micronaut.scheduling.executor.ExecutorConfiguration @Named('io') Definition: io.micronaut.scheduling.executor.IOExecutorServiceConfig
DEBUG i.m.context.DefaultBeanContext -   interface java.util.concurrent.ExecutorService @Named('virtual') Definition: io.micronaut.scheduling.executor.ExecutorFactory
DEBUG i.m.context.DefaultBeanContext -   interface java.util.concurrent.ExecutorService @Named('io') Definition: io.micronaut.scheduling.executor.ExecutorFactory
DEBUG i.m.context.DefaultBeanContext -   interface java.util.concurrent.ExecutorService @Named('scheduled') Definition: io.micronaut.scheduling.executor.ExecutorFactory
DEBUG i.m.context.DefaultBeanContext -   interface java.util.concurrent.ExecutorService @Named('blocking') Definition: io.micronaut.scheduling.executor.IOExecutorServiceConfig
DEBUG i.m.context.DefaultBeanContext - Finding candidate beans for type: ThreadFactory
DEBUG i.m.context.DefaultBeanContext - Finding candidate beans for type: ExecutorConfiguration
DEBUG i.m.context.DefaultBeanContext -   interface io.micronaut.scheduling.executor.ExecutorConfiguration @Named('virtual') Definition: io.micronaut.scheduling.executor.IOExecutorServiceConfig
DEBUG i.m.context.DefaultBeanContext -   interface io.micronaut.scheduling.executor.ExecutorConfiguration @Named('scheduled') Definition: io.micronaut.scheduling.executor.ScheduledExecutorServiceConfig
DEBUG i.m.context.DefaultBeanContext -   interface io.micronaut.scheduling.executor.ExecutorConfiguration @Named('io') Definition: io.micronaut.scheduling.executor.IOExecutorServiceConfig
DEBUG i.m.context.DefaultBeanContext -   interface java.util.concurrent.ThreadFactory null Definition: io.micronaut.scheduling.executor.DefaultThreadFactory
DEBUG i.m.context.DefaultBeanContext -   interface java.util.concurrent.ThreadFactory @Named('virtual') Definition: io.micronaut.scheduling.executor.ExecutorFactory
DEBUG i.m.context.DefaultBeanContext -   interface java.util.concurrent.ThreadFactory @Named('io') Definition: io.micronaut.scheduling.executor.ExecutorFactory
DEBUG i.m.context.DefaultBeanContext -   interface java.util.concurrent.ThreadFactory @Named('scheduled') Definition: io.micronaut.scheduling.executor.ExecutorFactory
DEBUG io.micronaut.context.lifecycle - Created bean [io.micronaut.spring.context.factory.MicronautBeanFactory@49ea5060: defining beans []; root of factory hierarchy] from definition [Definition: io.micronaut.spring.context.factory.MicronautBeanFactory] with qualifier [null]
DEBUG i.m.context.DefaultBeanContext - Resolving beans for type: org.springframework.beans.factory.config.BeanPostProcessor
DEBUG i.m.context.DefaultBeanContext - Finding candidate beans for type: BeanPostProcessor
DEBUG i.m.context.DefaultBeanContext - No bean candidates found for type: BeanPostProcessor
DEBUG io.micronaut.context.lifecycle - Created bean [io.micronaut.http.converters.HttpConverterRegistrar@7fefc8d6] from definition [Definition: io.micronaut.http.converters.HttpConverterRegistrar] with qualifier [null]
DEBUG i.m.context.DefaultBeanContext - Found a registration BeanRegistration: io.micronaut.http.converters.HttpConverterRegistrar@7fefc8d6 for candidate: Definition: io.micronaut.http.converters.HttpConverterRegistrar with qualifier: null
DEBUG i.m.context.DefaultBeanContext - Found 1 bean registrations for type [typeConverterRegistrar]
DEBUG i.m.context.DefaultBeanContext -   Definition: io.micronaut.http.converters.HttpConverterRegistrar null
DEBUG i.m.context.DefaultBeanContext - Resolving beans for type: org.springframework.context.annotation.ImportBeanDefinitionRegistrar
DEBUG i.m.context.DefaultBeanContext - Finding candidate beans for type: ImportBeanDefinitionRegistrar T
DEBUG i.m.context.DefaultBeanContext - No bean candidates found for type: ImportBeanDefinitionRegistrar T
DEBUG i.m.context.DefaultBeanContext - Resolving beans for type: @InterceptorBinding(NONE) io.micronaut.aop.Interceptor 
DEBUG i.m.context.DefaultBeanContext - Finding candidate beans for type: Interceptor
DEBUG i.m.context.DefaultBeanContext - Finding candidate beans for type: ProxyTransactionManagementConfiguration
DEBUG i.m.context.DefaultBeanContext - No bean candidates found for type: ProxyTransactionManagementConfiguration
DEBUG i.m.context.DefaultBeanContext -   class io.micronaut.spring.context.aop.SpringConfigurationInterceptor null Definition: io.micronaut.spring.context.aop.SpringConfigurationInterceptor
DEBUG i.m.context.DefaultBeanContext -   class io.micronaut.scheduling.async.AsyncInterceptor null Definition: io.micronaut.scheduling.async.AsyncInterceptor
DEBUG i.m.context.DefaultBeanContext -   class io.micronaut.runtime.context.env.ConfigurationIntroductionAdvice null Definition: io.micronaut.runtime.context.env.ConfigurationIntroductionAdvice
DEBUG i.m.context.DefaultBeanContext -   class io.micronaut.cache.interceptor.CacheInterceptor null Definition: io.micronaut.cache.interceptor.CacheInterceptor
DEBUG i.m.context.DefaultBeanContext -   class io.micronaut.runtime.context.scope.refresh.RefreshInterceptor null Definition: io.micronaut.runtime.context.scope.refresh.RefreshInterceptor
DEBUG i.m.context.DefaultBeanContext -   class io.micronaut.spring.tx.annotation.TransactionInterceptor null Definition: io.micronaut.spring.tx.annotation.TransactionInterceptor
DEBUG i.m.context.DefaultBeanContext -   class io.micronaut.runtime.beans.MapperIntroduction null Definition: io.micronaut.runtime.beans.MapperIntroduction
DEBUG i.m.context.DefaultBeanContext - Finding candidate beans for type: InterceptorRegistry
DEBUG i.m.context.DefaultBeanContext -   interface io.micronaut.aop.InterceptorRegistry null io.micronaut.aop.internal.InterceptorRegistryBean@7cde0f53
DEBUG i.m.context.DefaultBeanContext - Found concrete candidate [io.micronaut.aop.internal.InterceptorRegistryBean@7cde0f53] for type: interceptorRegistry 
DEBUG io.micronaut.context.lifecycle - Created bean [io.micronaut.aop.chain.DefaultInterceptorRegistry@2be88410] from definition [io.micronaut.aop.internal.InterceptorRegistryBean@7cde0f53] with qualifier [null]
DEBUG io.micronaut.context.lifecycle - Created bean [io.micronaut.spring.context.factory.ImportBeanRegistrarProcessor@12c8d969] from definition [Definition: io.micronaut.spring.context.factory.ImportBeanRegistrarProcessor] with qualifier [null]
DEBUG i.m.context.condition.Condition - Configuration: io.micronaut.cache.discovery will not be loaded due to failing conditions:
DEBUG i.m.context.condition.Condition - * Required configuration [io.micronaut.discovery.client] is not active
DEBUG i.m.context.DefaultBeanContext - BeanContext Started.
DEBUG i.m.context.DefaultBeanContext - Finding candidate beans for type: ApplicationEventPublisher<StartupEvent T>
DEBUG i.m.context.DefaultBeanContext -   interface io.micronaut.context.event.ApplicationEventPublisher null io.micronaut.context.event.ApplicationEventPublisherFactory@5c86737c
DEBUG i.m.context.DefaultBeanContext - Found concrete candidate [io.micronaut.context.event.ApplicationEventPublisherFactory@5c86737c] for type: applicationEventPublisher 
DEBUG io.micronaut.context.lifecycle - Created bean [io.micronaut.context.event.ApplicationEventPublisherFactory$2@269f18e6] from definition [io.micronaut.context.event.ApplicationEventPublisherFactory@5c86737c] with qualifier [null]
DEBUG i.m.c.e.ApplicationEventPublisher - Publishing event: io.micronaut.context.event.StartupEvent[source=io.micronaut.context.DefaultApplicationContext@4d0156fe]
DEBUG i.m.context.DefaultBeanContext - Resolving beans for type: <StartupEvent> io.micronaut.context.event.ApplicationEventListener 
DEBUG i.m.context.DefaultBeanContext - Finding candidate beans for type: ApplicationEventListener
DEBUG i.m.context.DefaultBeanContext -   class io.micronaut.runtime.context.scope.refresh.RefreshScope null Definition: io.micronaut.runtime.context.scope.refresh.RefreshScope
DEBUG i.m.context.DefaultBeanContext -   class io.micronaut.spring.context.MicronautApplicationContext$ApplicationEventListener$onStartup1$Intercepted null Definition: io.micronaut.spring.context.MicronautApplicationContext$ApplicationEventListener$onStartup1$Intercepted
DEBUG i.m.context.DefaultBeanContext -   class io.micronaut.spring.context.event.ContextEventAdapter null Definition: io.micronaut.spring.context.event.ContextEventAdapter
DEBUG i.m.context.DefaultBeanContext -   class io.micronaut.runtime.http.scope.RequestCustomScope null Definition: io.micronaut.runtime.http.scope.RequestCustomScope
DEBUG i.m.context.DefaultBeanContext -   class io.micronaut.scheduling.processor.ScheduledMethodProcessor$ApplicationEventListener$scheduleTasks1$Intercepted null Definition: io.micronaut.scheduling.processor.ScheduledMethodProcessor$ApplicationEventListener$scheduleTasks1$Intercepted
DEBUG i.m.context.DefaultBeanContext - Resolving beans for type: @InterceptorBinding(NONE) io.micronaut.aop.Interceptor 
DEBUG i.m.context.DefaultBeanContext - Finding candidate beans for type: Interceptor T
DEBUG i.m.context.DefaultBeanContext -   class io.micronaut.spring.context.aop.SpringConfigurationInterceptor null Definition: io.micronaut.spring.context.aop.SpringConfigurationInterceptor
DEBUG i.m.context.DefaultBeanContext -   class io.micronaut.scheduling.async.AsyncInterceptor null Definition: io.micronaut.scheduling.async.AsyncInterceptor
DEBUG i.m.context.DefaultBeanContext -   class io.micronaut.runtime.context.env.ConfigurationIntroductionAdvice null Definition: io.micronaut.runtime.context.env.ConfigurationIntroductionAdvice
DEBUG i.m.context.DefaultBeanContext -   class io.micronaut.cache.interceptor.CacheInterceptor null Definition: io.micronaut.cache.interceptor.CacheInterceptor
DEBUG i.m.context.DefaultBeanContext -   class io.micronaut.runtime.context.scope.refresh.RefreshInterceptor null Definition: io.micronaut.runtime.context.scope.refresh.RefreshInterceptor
DEBUG i.m.context.DefaultBeanContext -   class io.micronaut.spring.tx.annotation.TransactionInterceptor null Definition: io.micronaut.spring.tx.annotation.TransactionInterceptor
DEBUG i.m.context.DefaultBeanContext -   class io.micronaut.runtime.beans.MapperIntroduction null Definition: io.micronaut.runtime.beans.MapperIntroduction
DEBUG i.m.context.DefaultBeanContext - Finding candidate beans for type: MicronautApplicationContext
DEBUG i.m.context.DefaultBeanContext -   class io.micronaut.spring.context.MicronautApplicationContext @Secondary Definition: io.micronaut.spring.context.MicronautApplicationContext
DEBUG i.m.context.DefaultBeanContext - Found concrete candidate [Definition: io.micronaut.spring.context.MicronautApplicationContext] for type: micronautApplicationContext 
DEBUG io.micronaut.context.lifecycle - Created bean [io.micronaut.spring.context.MicronautApplicationContext$ApplicationEventListener$onStartup1$Intercepted@3709a173] from definition [Definition: io.micronaut.spring.context.MicronautApplicationContext$ApplicationEventListener$onStartup1$Intercepted] with qualifier [null]
DEBUG i.m.context.DefaultBeanContext - Found a registration BeanRegistration: io.micronaut.spring.context.MicronautApplicationContext$ApplicationEventListener$onStartup1$Intercepted@3709a173 for candidate: Definition: io.micronaut.spring.context.MicronautApplicationContext$ApplicationEventListener$onStartup1$Intercepted with qualifier: <StartupEvent>
DEBUG i.m.context.DefaultBeanContext - Finding candidate beans for type: ConfigurableEnvironment environment
DEBUG i.m.context.DefaultBeanContext -   class io.micronaut.spring.context.env.MicronautEnvironment null Definition: io.micronaut.spring.context.env.MicronautEnvironment
DEBUG i.m.context.DefaultBeanContext -   class org.springframework.boot.web.servlet.context.ApplicationServletEnvironment null io.micronaut.context.DefaultRuntimeBeanDefinition@23d33204
DEBUG i.m.context.DefaultBeanContext - Searching for @Primary for type [environment] from candidates: [Definition: io.micronaut.spring.context.env.MicronautEnvironment, io.micronaut.context.DefaultRuntimeBeanDefinition@23d33204] 
DEBUG i.m.context.DefaultBeanContext - Found concrete candidate [Definition: io.micronaut.spring.context.env.MicronautEnvironment] for type: environment 
DEBUG i.m.context.DefaultBeanContext - Finding candidate beans for type: Environment environment
DEBUG i.m.context.DefaultBeanContext -   class io.micronaut.context.env.DefaultEnvironment @Primary io.micronaut.context.DefaultRuntimeBeanDefinition@76207149
DEBUG i.m.context.DefaultBeanContext - Found concrete candidate [io.micronaut.context.DefaultRuntimeBeanDefinition@76207149] for type: environment 
DEBUG io.micronaut.context.lifecycle - Created bean [io.micronaut.context.DefaultApplicationContext$RuntimeConfiguredEnvironment@8f93023] from definition [io.micronaut.context.DefaultRuntimeBeanDefinition@76207149] with qualifier [@Primary]
DEBUG io.micronaut.context.lifecycle - Created bean [io.micronaut.spring.context.env.MicronautEnvironment@7d9c9c1a] from definition [Definition: io.micronaut.spring.context.env.MicronautEnvironment] with qualifier [null]
DEBUG i.m.context.DefaultBeanContext - Finding candidate beans for type: ApplicationEventPublisher eventPublisher
DEBUG i.m.context.DefaultBeanContext -   class io.micronaut.spring.context.event.MicronautApplicationEventPublisher null Definition: io.micronaut.spring.context.event.MicronautApplicationEventPublisher
DEBUG i.m.context.DefaultBeanContext -   class io.micronaut.spring.context.MicronautApplicationContext @Secondary Definition: io.micronaut.spring.context.MicronautApplicationContext
DEBUG i.m.context.DefaultBeanContext - Searching for @Primary for type [eventPublisher] from candidates: [Definition: io.micronaut.spring.context.event.MicronautApplicationEventPublisher, Definition: io.micronaut.spring.context.MicronautApplicationContext] 
DEBUG i.m.context.DefaultBeanContext - Found concrete candidate [Definition: io.micronaut.spring.context.event.MicronautApplicationEventPublisher] for type: eventPublisher 
DEBUG i.m.context.DefaultBeanContext - Finding candidate beans for type: ApplicationEventPublisher<Object T> eventPublisher
DEBUG i.m.context.DefaultBeanContext -   interface io.micronaut.context.event.ApplicationEventPublisher null io.micronaut.context.event.ApplicationEventPublisherFactory@5c86737c
DEBUG i.m.context.DefaultBeanContext - Found concrete candidate [io.micronaut.context.event.ApplicationEventPublisherFactory@5c86737c] for type: eventPublisher 
DEBUG io.micronaut.context.lifecycle - Created bean [io.micronaut.context.event.ApplicationEventPublisherFactory$1@713ac92f] from definition [io.micronaut.context.event.ApplicationEventPublisherFactory@5c86737c] with qualifier [null]
DEBUG io.micronaut.context.lifecycle - Created bean [io.micronaut.spring.context.event.MicronautApplicationEventPublisher@22e41d56] from definition [Definition: io.micronaut.spring.context.event.MicronautApplicationEventPublisher] with qualifier [null]
DEBUG i.m.context.DefaultBeanContext - Finding candidate beans for type: MessageSource messageSource
DEBUG i.m.context.DefaultBeanContext -   class io.micronaut.spring.context.MicronautApplicationContext @Secondary Definition: io.micronaut.spring.context.MicronautApplicationContext
DEBUG i.m.context.DefaultBeanContext - Found concrete candidate [Definition: io.micronaut.spring.context.MicronautApplicationContext] for type: messageSource 
DEBUG io.micronaut.context.lifecycle - Created bean [io.micronaut.spring.context.MicronautApplicationContext@78aca422] from definition [Definition: io.micronaut.spring.context.MicronautApplicationContext] with qualifier [@Secondary]
DEBUG io.micronaut.context.lifecycle - Created bean [io.micronaut.spring.context.MicronautApplicationContext@121d72b1] from definition [Definition: io.micronaut.spring.context.MicronautApplicationContext] with qualifier [@Secondary]
DEBUG io.micronaut.context.lifecycle - Created bean [io.micronaut.context.event.ApplicationEventPublisherFactory$1@713ac92f] from definition [io.micronaut.context.event.ApplicationEventPublisherFactory@5c86737c] with qualifier [null]
DEBUG io.micronaut.context.lifecycle - Created bean [io.micronaut.spring.context.event.ContextEventAdapter@3549a26c] from definition [Definition: io.micronaut.spring.context.event.ContextEventAdapter] with qualifier [null]
DEBUG i.m.context.DefaultBeanContext - Found a registration BeanRegistration: io.micronaut.spring.context.event.ContextEventAdapter@3549a26c for candidate: Definition: io.micronaut.spring.context.event.ContextEventAdapter with qualifier: <StartupEvent>
DEBUG i.m.context.DefaultBeanContext - Resolving beans for type: @InterceptorBinding(NONE) io.micronaut.aop.Interceptor 
DEBUG i.m.context.DefaultBeanContext - Finding candidate beans for type: ScheduledMethodProcessor
DEBUG i.m.context.DefaultBeanContext -   class io.micronaut.scheduling.processor.ScheduledMethodProcessor null Definition: io.micronaut.scheduling.processor.ScheduledMethodProcessor
DEBUG i.m.context.DefaultBeanContext - Found concrete candidate [Definition: io.micronaut.scheduling.processor.ScheduledMethodProcessor] for type: scheduledMethodProcessor 
DEBUG io.micronaut.context.lifecycle - Created bean [io.micronaut.scheduling.processor.ScheduledMethodProcessor$ApplicationEventListener$scheduleTasks1$Intercepted@53245f51] from definition [Definition: io.micronaut.scheduling.processor.ScheduledMethodProcessor$ApplicationEventListener$scheduleTasks1$Intercepted] with qualifier [null]
DEBUG i.m.context.DefaultBeanContext - Found a registration BeanRegistration: io.micronaut.scheduling.processor.ScheduledMethodProcessor$ApplicationEventListener$scheduleTasks1$Intercepted@53245f51 for candidate: Definition: io.micronaut.scheduling.processor.ScheduledMethodProcessor$ApplicationEventListener$scheduleTasks1$Intercepted with qualifier: <StartupEvent>
DEBUG i.m.context.DefaultBeanContext - Resolving beans for type: org.springframework.beans.factory.SmartInitializingSingleton
DEBUG i.m.context.DefaultBeanContext - Finding candidate beans for type: SmartInitializingSingleton
DEBUG i.m.context.DefaultBeanContext - No bean candidates found for type: SmartInitializingSingleton
DEBUG i.m.context.DefaultBeanContext - Finding candidate beans for type: ApplicationListener
DEBUG i.m.context.DefaultBeanContext - No bean candidates found for type: ApplicationListener
DEBUG i.m.c.e.ApplicationEventPublisher - Publishing event: org.springframework.context.event.ContextStartedEvent[source=io.micronaut.spring.context.MicronautApplicationContext@121d72b1]
DEBUG i.m.context.DefaultBeanContext - Resolving beans for type: <ContextStartedEvent> io.micronaut.context.event.ApplicationEventListener 
DEBUG i.m.context.DefaultBeanContext - Found a registration BeanRegistration: io.micronaut.spring.context.event.ContextEventAdapter@3549a26c for candidate: Definition: io.micronaut.spring.context.event.ContextEventAdapter with qualifier: <ContextStartedEvent>
DEBUG i.m.context.DefaultBeanContext - Finding candidate beans for type: ConversionService T
DEBUG i.m.context.DefaultBeanContext -   class io.micronaut.context.env.DefaultEnvironment @Primary io.micronaut.context.DefaultRuntimeBeanDefinition@76207149
DEBUG i.m.context.DefaultBeanContext - Found concrete candidate [io.micronaut.context.DefaultRuntimeBeanDefinition@76207149] for type: T 
DEBUG i.m.context.DefaultBeanContext - Finding candidate beans for type: TaskExceptionHandler<Object T, Throwable E> taskExceptionHandler
DEBUG i.m.context.DefaultBeanContext -   class io.micronaut.scheduling.DefaultTaskExceptionHandler null Definition: io.micronaut.scheduling.DefaultTaskExceptionHandler
DEBUG i.m.context.DefaultBeanContext - Found concrete candidate [Definition: io.micronaut.scheduling.DefaultTaskExceptionHandler] for type: taskExceptionHandler 
DEBUG io.micronaut.context.lifecycle - Created bean [io.micronaut.scheduling.DefaultTaskExceptionHandler@1ced2871] from definition [Definition: io.micronaut.scheduling.DefaultTaskExceptionHandler] with qualifier [null]
DEBUG i.m.context.DefaultBeanContext - Finding candidate beans for qualifier: @Scheduled
DEBUG io.micronaut.context.lifecycle - Created bean [io.micronaut.scheduling.processor.ScheduledMethodProcessor@768cb4bd] from definition [Definition: io.micronaut.scheduling.processor.ScheduledMethodProcessor] with qualifier [null]
DEBUG i.m.context.DefaultBeanContext - Finding all bean definitions
DEBUG i.m.context.DefaultBeanContext - Finding candidate beans for type: HtmlSanitizer
DEBUG i.m.context.DefaultBeanContext - No bean candidates found for type: HtmlSanitizer
DEBUG i.m.context.DefaultBeanContext - Finding candidate beans for type: FormUrlEncodedDecoder
DEBUG i.m.context.DefaultBeanContext - No bean candidates found for type: FormUrlEncodedDecoder
DEBUG i.m.context.condition.Condition - Bean [Definition: io.micronaut.http.body.ByteBufferBodyHandler] will not be loaded due to failing conditions:
DEBUG i.m.context.condition.Condition - * No bean of type [io.micronaut.core.io.buffer.ByteBufferFactory] present within context
DEBUG i.m.context.condition.Condition - Bean [Definition: io.micronaut.scheduling.io.watch.WatchServiceFactory] will not be loaded due to failing conditions:
DEBUG i.m.context.condition.Condition - * File watch disabled because no watch paths specified
DEBUG i.m.context.condition.Condition - * Custom condition [class io.micronaut.scheduling.io.watch.FileWatchCondition] failed evaluation
DEBUG i.m.context.DefaultBeanContext - Finding candidate beans for type: ProxyTransactionManagementConfiguration
DEBUG i.m.context.DefaultBeanContext - No bean candidates found for type: ProxyTransactionManagementConfiguration
DEBUG i.m.context.DefaultBeanContext - Finding candidate beans for type: HtmlSanitizer
DEBUG i.m.context.DefaultBeanContext - No bean candidates found for type: HtmlSanitizer
DEBUG i.m.context.DefaultBeanContext - Finding candidate beans for type: FormUrlEncodedDecoder
DEBUG i.m.context.DefaultBeanContext - No bean candidates found for type: FormUrlEncodedDecoder
DEBUG i.m.context.DefaultBeanContext - Finding candidate beans for type: CodecConfiguration
DEBUG i.m.context.DefaultBeanContext - No bean candidates found for type: CodecConfiguration
DEBUG i.m.context.DefaultBeanContext - Finding candidate beans for type: UserExecutorConfiguration
DEBUG i.m.context.DefaultBeanContext - No bean candidates found for type: UserExecutorConfiguration
DEBUG org.grails.plugins.CorePluginFinder - Attempting to load [20] core plugins
DEBUG g.plugins.DefaultGrailsPluginManager - Plugin grails version is null or containing '@'. Compatibility check skipped.
DEBUG g.plugins.DefaultGrailsPluginManager - Plugin grails version is null or containing '@'. Compatibility check skipped.
DEBUG g.plugins.DefaultGrailsPluginManager - Plugin grails version is null or containing '@'. Compatibility check skipped.
DEBUG g.plugins.DefaultGrailsPluginManager - Plugin grails version is null or containing '@'. Compatibility check skipped.
DEBUG g.plugins.DefaultGrailsPluginManager - Plugin grails version is null or containing '@'. Compatibility check skipped.
DEBUG g.plugins.DefaultGrailsPluginManager - Plugin grails version is null or containing '@'. Compatibility check skipped.
DEBUG o.grails.plugins.DefaultGrailsPlugin - Configuring plugin [codecs:7.0.1] to watch resources with pattern: file:./grails-app/utils/**/*Codec.groovy
DEBUG g.plugins.DefaultGrailsPluginManager - Plugin grails version is null or containing '@'. Compatibility check skipped.
DEBUG o.grails.plugins.DefaultGrailsPlugin - Configuring plugin [i18n:7.0.1] to watch resources with pattern: file:./grails-app/i18n/**/*.properties
DEBUG g.plugins.DefaultGrailsPluginManager - Plugin grails version is null or containing '@'. Compatibility check skipped.
DEBUG g.plugins.DefaultGrailsPluginManager - Plugin grails version is null or containing '@'. Compatibility check skipped.
DEBUG g.plugins.DefaultGrailsPluginManager - Plugin grails version is null or containing '@'. Compatibility check skipped.
DEBUG g.plugins.DefaultGrailsPluginManager - Plugin grails version is null or containing '@'. Compatibility check skipped.
DEBUG o.grails.plugins.DefaultGrailsPlugin - Configuring plugin [interceptors:7.0.1] to watch resources with pattern: file:./grails-app/controllers/**/*Interceptor.groovy
DEBUG g.plugins.DefaultGrailsPluginManager - Plugin grails version is null or containing '@'. Compatibility check skipped.
INFO  g.plugins.DefaultGrailsPluginManager - Attempting to load [0] user defined plugins
INFO  g.plugins.DefaultGrailsPluginManager - Grails plug-in [core] with version [7.0.1] loaded successfully
INFO  g.plugins.DefaultGrailsPluginManager - Grails plug-in [codecs] with version [7.0.1] loaded successfully
INFO  g.plugins.DefaultGrailsPluginManager - Grails plug-in [i18n] with version [7.0.1] loaded successfully
INFO  g.plugins.DefaultGrailsPluginManager - Grails plug-in [restResponder] with version [7.0.1] loaded successfully
INFO  g.plugins.DefaultGrailsPluginManager - Grails plug-in [eventBus] with version [7.0.1] loaded successfully
INFO  g.plugins.DefaultGrailsPluginManager - Grails plug-in [grailsMicronaut] with version [7.0.1] loaded successfully
INFO  g.plugins.DefaultGrailsPluginManager - Grails plug-in [dataSource] with version [7.0.1] loaded successfully
INFO  g.plugins.DefaultGrailsPluginManager - Grails plug-in [urlMappings] with version [7.0.1] loaded successfully
INFO  g.plugins.DefaultGrailsPluginManager - Grails plug-in [assetPipeline] with version [5.0.19] loaded successfully
INFO  g.plugins.DefaultGrailsPluginManager - Grails plug-in [groovyPages] with version [7.0.1] loaded successfully
INFO  g.plugins.DefaultGrailsPluginManager - Grails plug-in [controllers] with version [7.0.1] loaded successfully
INFO  g.plugins.DefaultGrailsPluginManager - Grails plug-in [scaffolding] with version [7.0.1] loaded successfully
INFO  g.plugins.DefaultGrailsPluginManager - Grails plug-in [mimeTypes] with version [7.0.1] loaded successfully
INFO  g.plugins.DefaultGrailsPluginManager - Grails plug-in [domainClass] with version [7.0.1] loaded successfully
INFO  g.plugins.DefaultGrailsPluginManager - Grails plug-in [layout] with version [7.0.1] loaded successfully
INFO  g.plugins.DefaultGrailsPluginManager - Grails plug-in [fields] with version [7.0.1] loaded successfully
INFO  g.plugins.DefaultGrailsPluginManager - Grails plug-in [converters] with version [7.0.1] loaded successfully
INFO  g.plugins.DefaultGrailsPluginManager - Grails plug-in [hibernate] with version [7.0.1] loaded successfully
INFO  g.plugins.DefaultGrailsPluginManager - Grails plug-in [interceptors] with version [7.0.1] loaded successfully
INFO  g.plugins.DefaultGrailsPluginManager - Grails plug-in [services] with version [7.0.1] loaded successfully
DEBUG i.m.c.DefaultApplicationContext$RuntimeConfiguredEnvironment - Starting environment io.micronaut.context.DefaultApplicationContext$RuntimeConfiguredEnvironment@8f93023 for active names [development]
DEBUG i.m.c.DefaultApplicationContext$RuntimeConfiguredEnvironment - Reading property sources from loader: io.micronaut.context.env.PropertiesPropertySourceLoader@659bfeae
DEBUG i.m.c.e.PropertiesPropertySourceLoader - No PropertySource found for file name: application.properties
DEBUG i.m.c.e.PropertiesPropertySourceLoader - No PropertySource found for file name: application-development.properties
DEBUG i.m.c.DefaultApplicationContext$RuntimeConfiguredEnvironment - Reading property sources from loader: io.micronaut.context.env.yaml.YamlPropertySourceLoader@3b1a40f4
DEBUG i.m.c.e.y.YamlPropertySourceLoader - Found PropertySource for file name: application.yml
DEBUG i.m.c.e.y.YamlPropertySourceLoader - No PropertySource found for file name: application-development.yml
DEBUG i.m.c.e.y.YamlPropertySourceLoader - No PropertySource found for file name: application-development.yaml
DEBUG i.m.c.DefaultApplicationContext$RuntimeConfiguredEnvironment - Processing property source: application
DEBUG i.m.c.DefaultApplicationContext$RuntimeConfiguredEnvironment - Processing property source: env
DEBUG i.m.c.DefaultApplicationContext$RuntimeConfiguredEnvironment - Processing property source: system
DEBUG i.m.c.DefaultApplicationContext$RuntimeConfiguredEnvironment - Processing property source: systemProperties
DEBUG i.m.c.DefaultApplicationContext$RuntimeConfiguredEnvironment - Processing property source: systemEnvironment
DEBUG i.m.c.DefaultApplicationContext$RuntimeConfiguredEnvironment - Processing property source: devtools
DEBUG i.m.c.DefaultApplicationContext$RuntimeConfiguredEnvironment - Processing property source: Config resource 'class path resource [application.yml]' via location 'optional:classpath:/'
DEBUG i.m.c.DefaultApplicationContext$RuntimeConfiguredEnvironment - Processing property source: applicationInfo
Grails application running at http://localhost:8080 in environment: development
